Syntax: /home/chuck/Src/Kata/test/parse/vars/var_definition/err1_test.k: 6: 1: expected an assignment item but got dict
Syntax: /home/chuck/Src/Kata/test/parse/vars/var_definition/err1_test.k: 6: 1: expected module item or end of file but got var
Syntax: /home/chuck/Src/Kata/test/parse/vars/var_definition/err1_test.k: 6: 1: module cannot be empty
