Syntax: /home/chuck/Src/Kata/test/parse/vars/var_definition/err2_test.k: 5: 15: expected a symbol but got literal signed
Syntax: /home/chuck/Src/Kata/test/parse/vars/var_definition/err2_test.k: 6: 1: expected a variable declaration but got end of file
