Syntax: /home/chuck/Src/Kata/test/parse/except/err_bad_except_parms3.k: 10: 13: expected a SYMBOL but got )
Syntax: /home/chuck/Src/Kata/test/parse/except/err_bad_except_parms3.k: 11: 16: expected function body element but got =
Syntax: /home/chuck/Src/Kata/test/parse/except/err_bad_except_parms3.k: 13: 2: expected function body but got end of file
