Syntax: /home/chuck/Src/Kata/test/parse/except/err_bad_final_parms2.k: 10: 12: expected a SYMBOL but got )
Syntax: /home/chuck/Src/Kata/test/parse/except/err_bad_final_parms2.k: 11: 16: expected function body element but got =
Syntax: /home/chuck/Src/Kata/test/parse/except/err_bad_final_parms2.k: 14: 1: expected function body but got end of file
