Syntax: /home/chuck/Src/Kata/test/parse/except/err_no_try_body.k: 8: 14: expected a function body but got symbol
Syntax: /home/chuck/Src/Kata/test/parse/except/err_no_try_body.k: 9: 17: expected function body element but got symbol
Syntax: /home/chuck/Src/Kata/test/parse/except/err_no_try_body.k: 10: 14: expected function body but got symbol
