Syntax: /home/chuck/Src/Kata/test/parse/literals/literal_value/err3_float.k: 5: 25: expected module item or end of file but got literal float
Warning: /home/chuck/Src/Kata/test/parse/literals/literal_value/err3_float.k: 6: 1: module is empty
