Syntax: /home/chuck/Src/Kata/test/parse/literals/literal_value/err_unsigned.k: 5: 28: expected an assignment item but got : malformed hex number, expected hex digit, space or operator
