Syntax: /home/chuck/Src/Kata/test/parse/module/class_definition/nobody.k: 6: 1: expected a '{' but got end of file
