Syntax: /home/chuck/Src/Kata/test/parse/loop/for_clause/badexpr.k: 6: 23: expected an expression but got dict
Syntax: /home/chuck/Src/Kata/test/parse/loop/for_clause/badexpr.k: 6: 23: expected function body element but got for
Syntax: /home/chuck/Src/Kata/test/parse/loop/for_clause/badexpr.k: 6: 23: expected function body but got for
Syntax: /home/chuck/Src/Kata/test/parse/loop/for_clause/badexpr.k: 6: 23: expected module item or end of file but got func
Syntax: /home/chuck/Src/Kata/test/parse/loop/for_clause/badexpr.k: 6: 23: module cannot be empty
