Syntax: /home/chuck/Src/Kata/test/parse/loop/for_clause/badtype.k: 6: 14: expected a ')', a type name, or a SYMBOL but got literal signed
Syntax: /home/chuck/Src/Kata/test/parse/loop/for_clause/badtype.k: 6: 14: expected function body element but got for
Syntax: /home/chuck/Src/Kata/test/parse/loop/for_clause/badtype.k: 6: 14: expected function body but got for
Syntax: /home/chuck/Src/Kata/test/parse/loop/for_clause/badtype.k: 6: 14: expected module item or end of file but got func
Syntax: /home/chuck/Src/Kata/test/parse/loop/for_clause/badtype.k: 6: 14: module cannot be empty
