Syntax: /home/chuck/Src/Kata/test/parse/loop/for_clause/noin.k: 7: 20: expected the 'in' keyword but got symbol
Syntax: /home/chuck/Src/Kata/test/parse/loop/for_clause/noin.k: 7: 20: expected function body element but got for
Syntax: /home/chuck/Src/Kata/test/parse/loop/for_clause/noin.k: 7: 20: expected function body but got for
Syntax: /home/chuck/Src/Kata/test/parse/loop/for_clause/noin.k: 7: 20: expected module item or end of file but got func
Syntax: /home/chuck/Src/Kata/test/parse/loop/for_clause/noin.k: 7: 20: module cannot be empty
