Syntax: /home/chuck/Src/Kata/test/parse/compound/compound_name/baddot.k: 5: 16: expected a SYMBOL but got .
Syntax: /home/chuck/Src/Kata/test/parse/compound/compound_name/baddot.k: 5: 16: expected a variable declaration but got .
Syntax: /home/chuck/Src/Kata/test/parse/compound/compound_name/baddot.k: 5: 16: expected module item or end of file but got var
Syntax: /home/chuck/Src/Kata/test/parse/compound/compound_name/baddot.k: 5: 16: module cannot be empty
