Syntax: /home/chuck/Src/Kata/test/parse/func_body/err_assign_expr1.k: 7: 1: expected an assignment item but got end of file
