Syntax: /home/chuck/Src/Kata/test/parse/func_body/err_raise_parms2.k: 6: 11: expected a SYMBOL but got literal signed
Syntax: /home/chuck/Src/Kata/test/parse/func_body/err_raise_parms2.k: 8: 1: expected function body element but got end of file
Syntax: /home/chuck/Src/Kata/test/parse/func_body/err_raise_parms2.k: 8: 1: expected function body but got end of file
