Syntax: /home/chuck/Src/Kata/test/parse/func_body/err_inline_body.k: 6: 9: inline: expected a '{' to introduce the block
Syntax: /home/chuck/Src/Kata/test/parse/func_body/err_inline_body.k: 8: 1: expected function body element but got end of file
Syntax: /home/chuck/Src/Kata/test/parse/func_body/err_inline_body.k: 8: 1: expected function body but got end of file
