Syntax: /home/chuck/Src/Kata/test/parse/func_body/err_assign_expr2.k: 5: 27: expected a ')' but got =
Syntax: /home/chuck/Src/Kata/test/parse/func_body/err_assign_expr2.k: 5: 35: expected an assignment item but got literal signed
