Syntax: /home/chuck/Src/Kata/test/parse/func_body/err_raise_parms1.k: 6: 21: expected a formatted string but got literal signed
Syntax: /home/chuck/Src/Kata/test/parse/func_body/err_raise_parms1.k: 8: 1: expected function body element but got end of file
Syntax: /home/chuck/Src/Kata/test/parse/func_body/err_raise_parms1.k: 8: 1: expected function body but got end of file
