Syntax: /home/chuck/Src/Kata/test/parse/func_body/err_trace2.k: 11: 9: expected a string literal but got )
Syntax: /home/chuck/Src/Kata/test/parse/func_body/err_trace2.k: 13: 1: expected function body element but got end of file
Syntax: /home/chuck/Src/Kata/test/parse/func_body/err_trace2.k: 13: 1: expected function body but got end of file
