Syntax: /home/chuck/Src/Kata/test/parse/func_body/err_func_ref_parms3.k: 8: 2: expected a ',' or a ')' but got }
Syntax: /home/chuck/Src/Kata/test/parse/func_body/err_func_ref_parms3.k: 9: 1: expected an optional list of expressions but got end of file
Syntax: /home/chuck/Src/Kata/test/parse/func_body/err_func_ref_parms3.k: 9: 1: expected function body element but got end of file
Syntax: /home/chuck/Src/Kata/test/parse/func_body/err_func_ref_parms3.k: 9: 1: expected function body but got end of file
