Syntax: /home/chuck/Src/Kata/test/parse/func_body/err_yield_parms.k: 8: 12: expected a compound reference but got literal signed
Syntax: /home/chuck/Src/Kata/test/parse/func_body/err_yield_parms.k: 11: 1: expected function body element but got end of file
Syntax: /home/chuck/Src/Kata/test/parse/func_body/err_yield_parms.k: 11: 1: expected function body but got end of file
