Syntax: /home/chuck/Src/Kata/test/parse/func_body/err_var_def_assign.k: 6: 1: expected an assignment item but got dict
