Syntax: /home/chuck/Src/Kata/test/parse/func_body/err_func_ref_parms1.k: 7: 13: expected a compound name or a ')' but got literal signed
Syntax: /home/chuck/Src/Kata/test/parse/func_body/err_func_ref_parms1.k: 9: 1: expected an optional list of names but got end of file
Syntax: /home/chuck/Src/Kata/test/parse/func_body/err_func_ref_parms1.k: 9: 1: expected function body element but got end of file
Syntax: /home/chuck/Src/Kata/test/parse/func_body/err_func_ref_parms1.k: 9: 1: expected function body but got end of file
