Syntax: /home/chuck/Src/Kata/test/parse/vars/var_decl/err1_test.k: 6: 14: expected a symbol but got literal float
Syntax: /home/chuck/Src/Kata/test/parse/vars/var_decl/err1_test.k: 6: 14: expected a variable declaration but got literal float
Syntax: /home/chuck/Src/Kata/test/parse/vars/var_decl/err1_test.k: 6: 14: expected module item or end of file but got var
Syntax: /home/chuck/Src/Kata/test/parse/vars/var_decl/err1_test.k: 6: 14: module cannot be empty
