Syntax: /home/chuck/Src/Kata/test/parse/list/dict_init/nocomma.k: 5: 33: expected a ',' or a ']' but got literal sstrg
Syntax: /home/chuck/Src/Kata/test/parse/list/dict_init/nocomma.k: 5: 34: expected module item or end of file but got :
Syntax: /home/chuck/Src/Kata/test/parse/list/dict_init/nocomma.k: 5: 34: module cannot be empty
