Syntax: /home/chuck/Src/Kata/test/parse/flow/err_if_no_body.k: 9: 14: expected a function body but got symbol
Syntax: /home/chuck/Src/Kata/test/parse/flow/err_if_no_body.k: 9: 16: expected function body element but got )
Syntax: /home/chuck/Src/Kata/test/parse/flow/err_if_no_body.k: 9: 18: expected function body but got )
Syntax: /home/chuck/Src/Kata/test/parse/flow/err_if_no_body.k: 11: 10: expected module item or end of file but got (
Warning: /home/chuck/Src/Kata/test/parse/flow/err_if_no_body.k: 11: 11: module is empty
