Syntax: /home/chuck/Src/Kata/test/parse/flow/err_else_expr.k: 10: 10: expected a function body but got (
Syntax: /home/chuck/Src/Kata/test/parse/flow/err_else_expr.k: 10: 11: expected function body element but got literal signed
Syntax: /home/chuck/Src/Kata/test/parse/flow/err_else_expr.k: 11: 13: expected function body but got symbol
Syntax: /home/chuck/Src/Kata/test/parse/flow/err_else_expr.k: 11: 15: expected module item or end of file but got )
Warning: /home/chuck/Src/Kata/test/parse/flow/err_else_expr.k: 11: 17: module is empty
