Syntax: /home/chuck/Src/Kata/test/parse/flow/err_elif_no_paren.k: 10: 15: expected a ')' but got {
Syntax: /home/chuck/Src/Kata/test/parse/flow/err_elif_no_paren.k: 11: 15: expected function body element but got )
Syntax: /home/chuck/Src/Kata/test/parse/flow/err_elif_no_paren.k: 11: 17: expected function body but got )
Syntax: /home/chuck/Src/Kata/test/parse/flow/err_elif_no_paren.k: 13: 2: expected module item or end of file but got }
Warning: /home/chuck/Src/Kata/test/parse/flow/err_elif_no_paren.k: 13: 2: module is empty
