Syntax: /home/chuck/Src/Kata/test/parse/flow/err_if_bad_expr.k: 8: 19: expected a ')' but got =
Syntax: /home/chuck/Src/Kata/test/parse/flow/err_if_bad_expr.k: 9: 15: expected function body element but got symbol
Syntax: /home/chuck/Src/Kata/test/parse/flow/err_if_bad_expr.k: 11: 10: expected function body but got (
Syntax: /home/chuck/Src/Kata/test/parse/flow/err_if_bad_expr.k: 11: 11: expected module item or end of file but got literal signed
Warning: /home/chuck/Src/Kata/test/parse/flow/err_if_bad_expr.k: 12: 13: module is empty
