Syntax: /home/chuck/Src/Kata/test/parse/list/list_init/badcomma.k: 5: 23: expected a ',' or a ']' but got symbol
Syntax: /home/chuck/Src/Kata/test/parse/list/list_init/badcomma.k: 5: 27: expected an assignment item but got [
Syntax: /home/chuck/Src/Kata/test/parse/list/list_init/badcomma.k: 5: 27: expected module item or end of file but got var
Syntax: /home/chuck/Src/Kata/test/parse/list/list_init/badcomma.k: 5: 27: module cannot be empty
