Syntax: /home/chuck/Src/Kata/test/parse/list/list_init/badclosure.k: 6: 4: expected a ',' or a ']' but got var
