Syntax: /home/chuck/Src/Kata/test/parse/list/list_init/nocomma.k: 5: 25: expected a ',' or a ']' but got literal signed
Syntax: /home/chuck/Src/Kata/test/parse/list/list_init/nocomma.k: 5: 25: expected an assignment item but got [
Syntax: /home/chuck/Src/Kata/test/parse/list/list_init/nocomma.k: 5: 25: expected module item or end of file but got var
Syntax: /home/chuck/Src/Kata/test/parse/list/list_init/nocomma.k: 5: 25: module cannot be empty
