Syntax: /home/chuck/Src/Kata/test/parse/strg/formatted_strg/invalid_args.k: 8: 46: expected a ',' or a ')' but got literal signed
Syntax: /home/chuck/Src/Kata/test/parse/strg/formatted_strg/invalid_args.k: 8: 46: expected module item or end of file but got literal signed
Syntax: /home/chuck/Src/Kata/test/parse/strg/formatted_strg/invalid_args.k: 8: 46: module cannot be empty
