Syntax: /home/chuck/Src/Kata/test/parse/loop/do_clause/nobody.k: 7: 13: expected a function body but got while
Syntax: /home/chuck/Src/Kata/test/parse/loop/do_clause/nobody.k: 9: 1: expected function body element but got end of file
Syntax: /home/chuck/Src/Kata/test/parse/loop/do_clause/nobody.k: 9: 1: expected function body but got end of file
